exports[`test renders a initial view 1`] = `"<div class=\"container\"><div class=\"row\"><div class=\"col-sm-4\"><h2>You</h2><div class=\"row\"><button data-id=\"Rock\" type=\"button\" class=\"btn btn-outline-primary\"><i class=\"icon-rock\"></i><!-- react-text: 8 --> <!-- /react-text --><!-- react-text: 9 -->Rock<!-- /react-text --></button><button data-id=\"Paper\" type=\"button\" class=\"btn btn-outline-primary\"><i class=\"icon-paper\"></i><!-- react-text: 12 --> <!-- /react-text --><!-- react-text: 13 -->Paper<!-- /react-text --></button><button data-id=\"Scissors\" type=\"button\" class=\"btn btn-outline-primary\"><i class=\"icon-scissors\"></i><!-- react-text: 16 --> <!-- /react-text --><!-- react-text: 17 -->Scissors<!-- /react-text --></button></div><div class=\"row\"><div class=\"animated fadeIn\"><i class=\"icon-rock\" style=\"font-size: 9em;\"></i></div><h3><!-- react-text: 22 -->Score: <!-- /react-text --><!-- react-text: 23 -->0<!-- /react-text --></h3></div></div><div class=\"col-sm-4\"><h2><!-- react-text: 26 -->0<!-- /react-text --><!-- react-text: 27 --> round<!-- /react-text --><!-- react-text: 28 -->s<!-- /react-text --><!-- react-text: 29 --> played<!-- /react-text --></h2><div><div class=\"row\"><button type=\"button\" class=\"btn btn-outline-danger disabled\">Reset Game</button></div><br><div class=\"row\"><ul class=\"list-group text-xs-left\"></ul></div></div></div><div class=\"col-sm-4\"><h2>Computer</h2><div class=\"row\"><button type=\"button\" class=\"btn btn-outline-warning\">Simulate My Move</button></div><div class=\"row\"><div class=\"animated fadeIn\"><i class=\"icon-rock\" style=\"font-size: 9em;\"></i></div><h3><!-- react-text: 44 -->Score: <!-- /react-text --><!-- react-text: 45 -->0<!-- /react-text --></h3></div></div></div></div>"`;

exports[`test renders results correctly 1`] = `"<div class=\"container\"><div class=\"row\"><div class=\"col-sm-4\"><h2>You</h2><div class=\"row\"><button data-id=\"Rock\" type=\"button\" class=\"btn btn-outline-primary\"><i class=\"icon-rock\"></i><!-- react-text: 8 --> <!-- /react-text --><!-- react-text: 9 -->Rock<!-- /react-text --></button><button data-id=\"Paper\" type=\"button\" class=\"btn btn-outline-primary\"><i class=\"icon-paper\"></i><!-- react-text: 12 --> <!-- /react-text --><!-- react-text: 13 -->Paper<!-- /react-text --></button><button data-id=\"Scissors\" type=\"button\" class=\"btn btn-outline-primary\"><i class=\"icon-scissors\"></i><!-- react-text: 16 --> <!-- /react-text --><!-- react-text: 17 -->Scissors<!-- /react-text --></button></div><div class=\"row\"><div class=\"animated fadeIn\"><i class=\"icon-rock\" style=\"font-size: 9em;\"></i></div><h3><!-- react-text: 22 -->Score: <!-- /react-text --><!-- react-text: 23 -->2<!-- /react-text --></h3></div></div><div class=\"col-sm-4\"><h2><!-- react-text: 26 -->3<!-- /react-text --><!-- react-text: 27 --> round<!-- /react-text --><!-- react-text: 28 -->s<!-- /react-text --><!-- react-text: 29 --> played<!-- /react-text --></h2><div><div class=\"row\"><button type=\"button\" class=\"btn btn-outline-danger\">Reset Game</button></div><br><div class=\"row\"><ul class=\"list-group text-xs-left\"><li class=\"list-group-item active\"><!-- react-text: 49 -->You lost<!-- /react-text --><!-- react-text: 50 --> ( <!-- /react-text --><!-- react-text: 51 -->Rock<!-- /react-text --><!-- react-text: 52 --> - <!-- /react-text --><!-- react-text: 53 -->Paper<!-- /react-text --><!-- react-text: 54 --> )<!-- /react-text --></li><li class=\"list-group-item hidden-xs-down\"><!-- react-text: 56 -->You won<!-- /react-text --><!-- react-text: 57 --> ( <!-- /react-text --><!-- react-text: 58 -->Scissors<!-- /react-text --><!-- react-text: 59 --> - <!-- /react-text --><!-- react-text: 60 -->Paper<!-- /react-text --><!-- react-text: 61 --> )<!-- /react-text --></li><li class=\"list-group-item hidden-xs-down\"><!-- react-text: 63 -->You won<!-- /react-text --><!-- react-text: 64 --> ( <!-- /react-text --><!-- react-text: 65 -->Paper<!-- /react-text --><!-- react-text: 66 --> - <!-- /react-text --><!-- react-text: 67 -->Rock<!-- /react-text --><!-- react-text: 68 --> )<!-- /react-text --></li></ul></div></div></div><div class=\"col-sm-4\"><h2>Computer</h2><div class=\"row\"><button type=\"button\" class=\"btn btn-outline-warning\">Simulate My Move</button></div><div class=\"row\"><div class=\"animated fadeIn\"><i class=\"icon-paper\" style=\"font-size: 9em;\"></i></div><h3><!-- react-text: 44 -->Score: <!-- /react-text --><!-- react-text: 45 -->1<!-- /react-text --></h3></div></div></div></div>"`;

exports[`test starts animation 1`] = `"<div class=\"container\"><div class=\"row\"><div class=\"col-sm-4\"><h2>You</h2><div class=\"row\"><button data-id=\"Rock\" type=\"button\" class=\"btn btn-outline-primary disabled\"><i class=\"icon-rock\"></i><!-- react-text: 8 --> <!-- /react-text --><!-- react-text: 9 -->Rock<!-- /react-text --></button><button data-id=\"Paper\" type=\"button\" class=\"btn btn-outline-primary disabled\"><i class=\"icon-paper\"></i><!-- react-text: 12 --> <!-- /react-text --><!-- react-text: 13 -->Paper<!-- /react-text --></button><button data-id=\"Scissors\" type=\"button\" class=\"btn btn-outline-primary disabled\"><i class=\"icon-scissors\"></i><!-- react-text: 16 --> <!-- /react-text --><!-- react-text: 17 -->Scissors<!-- /react-text --></button></div><div class=\"row\"><div class=\"animated bounce\"><i class=\"icon-rock\" style=\"font-size: 9em;\"></i></div><h3><!-- react-text: 22 -->Score: <!-- /react-text --><!-- react-text: 23 -->0<!-- /react-text --></h3></div></div><div class=\"col-sm-4\"><h2><!-- react-text: 26 -->0<!-- /react-text --><!-- react-text: 27 --> round<!-- /react-text --><!-- react-text: 28 -->s<!-- /react-text --><!-- react-text: 29 --> played<!-- /react-text --></h2><div><div class=\"row\"><button type=\"button\" class=\"btn btn-outline-danger disabled\">Reset Game</button></div><br><div class=\"row\"><ul class=\"list-group text-xs-left\"><li class=\"list-group-item active\">Playing</li></ul></div></div></div><div class=\"col-sm-4\"><h2>Computer</h2><div class=\"row\"><button type=\"button\" class=\"btn btn-outline-warning disabled\">Simulate My Move</button></div><div class=\"row\"><div class=\"animated bounce\"><i class=\"icon-rock\" style=\"font-size: 9em;\"></i></div><h3><!-- react-text: 44 -->Score: <!-- /react-text --><!-- react-text: 45 -->0<!-- /react-text --></h3></div></div></div></div>"`;
